============================= test session starts =============================
platform win32 -- Python 3.13.11, pytest-9.0.2, pluggy-1.6.0
rootdir: C:\DIVINE OS\DivineOS_fresh
configfile: pyproject.toml
plugins: anyio-4.12.0, hypothesis-6.148.12, locust-2.43.3, asyncio-0.23.8, cov-4.1.0, timeout-2.4.0, typeguard-2.13.3
asyncio: mode=Mode.STRICT
collected 698 items

tests\test_analysis.py ...............                                   [  2%]
tests\test_async_capture.py .....................................        [  7%]
tests\test_clarity_enforcement.py .....                                  [  8%]
tests\test_cli.py .................................................      [ 15%]
tests\test_consolidation.py ............................................ [ 21%]
........................................................................ [ 31%]
............................................                             [ 38%]
tests\test_event_capture.py ............................................ [ 44%]
..                                                                       [ 44%]
tests\test_event_dispatcher.py ........                                  [ 45%]
tests\test_event_emission.py ........................................... [ 52%]
..                                                                       [ 52%]
tests\test_fidelity.py ................                                  [ 54%]
tests\test_full_pipeline.py ...................                          [ 57%]
tests\test_hook_integration.py .....................                     [ 60%]
tests\test_hook_realtime.py ...........                                  [ 61%]
tests\test_hook_validator.py .......................                     [ 65%]
tests\test_hooks.py .........................                            [ 68%]
tests\test_ide_tool_integration.py ........                              [ 69%]
tests\test_ledger.py ..................................                  [ 74%]
tests\test_memory.py ......................................              [ 80%]
tests\test_parser.py ............                                        [ 81%]
tests\test_quality_checks.py ........................................... [ 88%]
..                                                                       [ 88%]
tests\test_session_analyzer.py ......................................... [ 94%]
.............                                                            [ 96%]
tests\test_session_features.py ...........................               [100%]

============================ 698 passed in 12.97s =============================
